[www.lomaspattesting.co.uk/index.html]
[backblue.gif]
[fade.gif]
[index.html]
[www.lomaspattesting.co.uk/images/cms/favicon.ico]
[www.lomaspattesting.co.uk/stylesheet7e4d.css]
[www.lomaspattesting.co.uk/stylesheetc0cf.css]
[www.lomaspattesting.co.uk/stylesheetac34.css]
[www.lomaspattesting.co.uk/index.php/about-us.html]
[www.lomaspattesting.co.uk/index.php/services.html]
[www.lomaspattesting.co.uk/index.php/no-charge.html]
[www.lomaspattesting.co.uk/index.php/loyalty-packages.html]
[www.lomaspattesting.co.uk/index.php/legal.html]
[www.lomaspattesting.co.uk/index.php/contact-us.html]
[www.lomaspattesting.co.uk/uploads/images/the_law.jpg]
[www.lomaspattesting.co.uk/uploads/images/do_you_comply.jpg]
[www.lomaspattesting.co.uk/uploads/images/risk_free.jpg]
[www.lomaspattesting.co.uk/uploads/images/city_and_guilds.jpg]
[www.lomaspattesting.co.uk/uploads/images/site_survey.jpg]
[www.lomaspattesting.co.uk/index.html]
[www.lomaspattesting.co.uk/images/cms/site_tile.jpg]
[www.lomaspattesting.co.uk/images/cms/logo.jpg]
[www.lomaspattesting.co.uk/images/cms/telephone.jpg]
[www.lomaspattesting.co.uk/images/cms/special_offers_header.jpg]
[www.lomaspattesting.co.uk/images/cms/home_main_message.jpg]
[www.lomaspattesting.co.uk/images/cms/about_us_main_message.jpg]
[www.lomaspattesting.co.uk/images/cms/services_main_message.jpg]
[www.lomaspattesting.co.uk/images/cms/no_charge_main_message.jpg]
[www.lomaspattesting.co.uk/images/cms/loyalty_packages_main_message.jpg]
[www.lomaspattesting.co.uk/images/cms/legal_main_message.jpg]
[www.lomaspattesting.co.uk/images/cms/contact_us_main_message.jpg]
[www.lomaspattesting.co.uk/images/cms/bullet.jpg]
[www.lomaspattesting.co.uk/stylesheet7e4d.css]
[www.lomaspattesting.co.uk/images/menu_tile.jpg]
[www.lomaspattesting.co.uk/images/cms/menu_selected_corner.jpg]
[www.lomaspattesting.co.uk/stylesheetc0cf.css]
[www.lomaspattesting.co.uk/stylesheetac34.css]
[www.lomaspattesting.co.uk/uploads/images/testing_in_caravan.jpg]
[www.lomaspattesting.co.uk/index.php/about-us.html]
[www.lomaspattesting.co.uk/uploads/images/metrel_equipment.jpg]
[www.lomaspattesting.co.uk/uploads/images/cerificate.jpg]
[www.lomaspattesting.co.uk/uploads/images/gym.jpg]
[www.lomaspattesting.co.uk/index.php/services.html]
[www.lomaspattesting.co.uk/uploads/images/plug_wiring.jpg]
[www.lomaspattesting.co.uk/uploads/images/plug_socket.jpg]
[www.lomaspattesting.co.uk/index.php/no-charge.html]
[www.lomaspattesting.co.uk/uploads/images/handshake.jpg]
[www.lomaspattesting.co.uk/uploads/images/dentist.jpg]
[www.lomaspattesting.co.uk/uploads/images/computer.jpg]
[www.lomaspattesting.co.uk/index.php/loyalty-packages.html]
[www.lomaspattesting.co.uk/uploads/images/gavel.jpg]
[www.lomaspattesting.co.uk/uploads/images/behind_bars.jpg]
[www.lomaspattesting.co.uk/index.php/legal.html]
[www.lomaspattesting.co.uk/uploads/images/telephone.jpg]
[www.lomaspattesting.co.uk/uploads/images/facebook-logo.jpg]
[www.lomaspattesting.co.uk/uploads/images/RestAssured.jpg]
[www.lomaspattesting.co.uk/index.php/contact-us.html]
[www.lomaspattesting.co.uk/images/menu_tile.html]
